Microsemi Libero Software
Version: 11.9.0.4
Release: v11.9

Created a new design.
'BA_NAME' set to 'zjh_BasGate_ba'
'KEEP_EXISTING_PHYSICAL_CONSTRAINTS' set to '1'
'SDC_IMPORT_MERGE' set to '1'
'IDE_DESIGNERVIEW_NAME' set to 'Impl1'
'IDE_DESIGNERVIEW_COUNT' set to '1'
'IDE_DESIGNERVIEW_REV0' set to 'Impl1'
'IDE_DESIGNERVIEW_REVNUM0' set to '1'
'IDE_DESIGNERVIEW_ROOTDIR' set to 'C:\D3120005043_zjh\designer'
'IDE_DESIGNERVIEW_LASTREV' set to '1'
'DESDIR' set to 'C:/D3120005043_zjh/designer/impl1'
'BA_DIR' set to 'C:/D3120005043_zjh/designer/impl1'
'BA_NETLIST_ALSO' set to '1'
'EDNINFLAVOR' set to 'GENERIC'
'NETLIST_NAMING_STYLE' set to 'VERILOG'
'EXPORT_STATUS_REPORT' set to '1'
'EXPORT_STATUS_REPORT_FILENAME' set to 'zjh_BasGate.rpt'
'AUDIT_NETLIST_FILE' set to '1'
'AUDIT_DCF_FILE' set to '1'
'AUDIT_PIN_FILE' set to '1'
'AUDIT_ADL_FILE' set to '1'

 Netlist Reading Time = 0.0 seconds
Imported the file:
   C:\D3120005043_zjh\synthesis\zjh_BasGate.edn

The Import command succeeded ( 00:00:01 )
Design saved to file zjh_BasGate.adb.

The Execute Script command succeeded ( 00:00:03 )
=====================================================================
Parameters used to run compile:
===============================

Family      : ProASIC3
Device      : A3P060
Package     : 100 VQFP
Source      : C:\D3120005043_zjh\synthesis\zjh_BasGate.edn
Format      : EDIF
Topcell     : zjh_BasGate
Speed grade : STD
Temp        : 0:25:70
Voltage     : 1.58:1.50:1.42

Keep Existing Physical Constraints : Yes
Keep Existing Timing Constraints   : Yes

pdc_abort_on_error                 : Yes
pdc_eco_display_unmatched_objects  : No
pdc_eco_max_warnings               : 10000

demote_globals                     : No
promote_globals                    : No
localclock_max_shared_instances    : 12
localclock_buffer_tree_max_fanout  : 12

combine_register                   : No
delete_buffer_tree                 : No

report_high_fanout_nets_limit      : 10

=====================================================================
Compile starts ...


Netlist Optimization Report
===========================

Optimized macros:
  - Dangling net drivers:   0
  - Buffers:                0
  - Inverters:              0
  - Tieoff:                 0
  - Logic combining:        0

    Total macros optimized  0

There were 0 error(s) and 0 warning(s) in this design.
=====================================================================
Compile report:
===============

    CORE                       Used:      6  Total:   1536   (0.39%)
    IO (W/ clocks)             Used:      8  Total:     71   (11.27%)
    GLOBAL (Chip+Quadrant)     Used:      0  Total:     18   (0.00%)
    PLL                        Used:      0  Total:      1   (0.00%)
    RAM/FIFO                   Used:      0  Total:      4   (0.00%)
    Low Static ICC             Used:      0  Total:      1   (0.00%)
    FlashROM                   Used:      0  Total:      1   (0.00%)
    User JTAG                  Used:      0  Total:      1   (0.00%)

Global Information:

    Type            | Used   | Total
    ----------------|--------|--------------
    Chip global     | 0      | 6  (0.00%)*
    Quadrant global | 0      | 12 (0.00%)

    (*) Chip globals may be assigned to Quadrant globals using the Multi-View Navigator (MVN)
        or Physical Design Constraints (PDC).
        They may also be assigned to Quadrant globals automatically during Layout.

Core Information:

    Type    | Instances    | Core tiles
    --------|--------------|-----------
    COMB    | 6            | 6
    SEQ     | 0            | 0

I/O Function:

    Type                                  | w/o register  | w/ register  | w/ DDR register
    --------------------------------------|---------------|--------------|----------------
    Input I/O                             | 2             | 0            | 0
    Output I/O                            | 6             | 0            | 0
    Bidirectional I/O                     | 0             | 0            | 0
    Differential Input I/O Pairs          | 0             | 0            | 0
    Differential Output I/O Pairs         | 0             | 0            | 0

I/O Technology:

                                    |   Voltages    |             I/Os
    --------------------------------|-------|-------|-------|--------|--------------
    I/O Standard(s)                 | Vcci  | Vref  | Input | Output | Bidirectional
    --------------------------------|-------|-------|-------|--------|--------------
    LVTTL                           | 3.30v | N/A   | 2     | 6      | 0

I/O Placement:

    Locked  :   0
    Placed  :   0
    UnPlaced:   8 ( 100.00% )

Net information report:
=======================

High fanout nets in the post compile netlist:
    Fanout  Type          Name
    --------------------------
    4       INT_NET       Net   : A_c
                          Driver: A_pad
    3       INT_NET       Net   : B_c
                          Driver: B_pad
    2       INT_NET       Net   : Y1_c
                          Driver: B_pad_RNIB53D_0
    2       INT_NET       Net   : Y3_c
                          Driver: B_pad_RNIB53D
    1       INT_NET       Net   : Y5_c
                          Driver: Y5
    1       INT_NET       Net   : Y3_c_i
                          Driver: Y4_pad_RNO
    1       INT_NET       Net   : Y1_c_i
                          Driver: Y2_pad_RNO
    1       INT_NET       Net   : A_c_i
                          Driver: Y6_pad_RNO

Nets that are candidates for clock assignment and the resulting fanout:
    Fanout  Type          Name
    --------------------------
    4       INT_NET       Net   : A_c
                          Driver: A_pad
    3       INT_NET       Net   : B_c
                          Driver: B_pad
    2       INT_NET       Net   : Y1_c
                          Driver: B_pad_RNIB53D_0
    2       INT_NET       Net   : Y3_c
                          Driver: B_pad_RNIB53D
    1       INT_NET       Net   : Y5_c
                          Driver: Y5

The Compile command succeeded ( 00:00:00 )
***** Layout Variables *********************************************

Mode: TIMING_DRIVEN
Power-driven Layout: OFF
Incremental Placement: OFF
Incremental Route: OFF



Running I/O Bank Assigner.

I/O Bank Assigner completed successfully.
 

Planning global net placement...

Global net placement completed successfully.

                        o - o - o - o - o - o

Timing-driven Placer Started: Fri Dec 17 08:47:00 2021

Placer Finished: Fri Dec 17 08:47:01 2021
Total Placer CPU Time:     00:00:01

                        o - o - o - o - o - o


Timing-driven Router 
Design: zjh_BasGate                     Started: Fri Dec 17 08:47:02 2021

 

Timing-driven Router completed successfully.

Design: zjh_BasGate                     
Finished: Fri Dec 17 08:47:05 2021
Total CPU Time:     00:00:02            Total Elapsed Time: 00:00:03
Total Memory Usage: 104.4 Mbytes
                        o - o - o - o - o - o

Loading the Timing data for the design.
Finished loading the Timing data.

The Layout command succeeded ( 00:00:08 )
Back-annotated to the file(s):
   C:\D3120005043_zjh\designer\impl1\zjh_BasGate_ba.sdf
   C:\D3120005043_zjh\designer\impl1\zjh_BasGate_ba.v

The Back-Annotate command succeeded ( 00:00:00 )

The Export-map command succeeded ( 00:00:06 )
Wrote to the file: C:\D3120005043_zjh\designer\impl1\zjh_BasGate.pdb
CHECKSUM: D1D5

The Generate programming file command succeeded ( 00:00:06 )
Design saved to file C:\D3120005043_zjh\designer\impl1\zjh_BasGate.adb.
Wrote pin report to file: C:\D3120005043_zjh\designer\impl1\zjh_BasGate_report_pin_byname.txt

The Report command succeeded ( 00:00:01 )
Wrote pin report to file: C:\D3120005043_zjh\designer\impl1\zjh_BasGate_report_pin_bynumber.txt

The Report command succeeded ( 00:00:01 )

The Execute Script command succeeded ( 00:00:02 )
Design closed.

